// Jest Snapshot v1, https://goo.gl/fbAQLP

exports[`styles 1`] = `
.emotion-0 {
  margin: unset;
  padding: unset;
  border: unset;
  background: unset;
  font: unset;
  font-family: inherit;
  font-size: 100%;
  box-sizing: border-box;
  display: grid;
  grid-gap: .5rem;
  grid-template-columns: repeat(12,1fr);
}

.emotion-0:focus:not(:focus-visible) {
  outline: none;
}

<div
  class="emotion-0"
/>
`;
