// Jest Snapshot v1, https://goo.gl/fbAQLP

exports[`styles 1`] = `
.emotion-0 {
  margin: unset;
  padding: unset;
  border: unset;
  background: unset;
  font: unset;
  font-family: inherit;
  font-size: 100%;
  box-sizing: border-box;
  grid-column-end: span 12;
  grid-row-end: span 1;
}

.emotion-0:focus:not(:focus-visible) {
  outline: none;
}

@media screen and (min-width:768px) {
  .emotion-0 {
    grid-column-end: span;
  }
}

@media screen and (min-width:768px) {
  .emotion-0 {
    grid-column-end: span;
  }
}

@media screen and (min-width:1024px) {
  .emotion-0 {
    grid-column-end: span;
  }
}

@media screen and (min-width:1200px) {
  .emotion-0 {
    grid-column-end: span;
  }
}

<div
  class="emotion-0"
/>
`;
